// Jest Snapshot v1, https://goo.gl/fbAQLP

exports[`View UI matches snapshot 1`] = `
<View
  css={[Function]}
  style={null}
  styles={
    Object {
      "view": Object {},
    }
  }
  theme={
    Object {
      "colors": Object {
        "black": "#000",
        "gray00": "#111",
        "gray02": "#222",
        "gray03": "#333",
        "white": "#FFF",
      },
      "device": Object {
        "height": 1334,
        "width": 750,
      },
      "fonts": Object {
        "bold": Object {
          "backgroundColor": "transparent",
          "fontFamily": "Avenir Book",
          "fontSize": 17.5,
          "fontWeight": "900",
        },
        "normal": Object {
          "backgroundColor": "transparent",
          "fontFamily": "Avenir Book",
          "fontSize": 17.5,
        },
      },
      "normalize": [Function],
    }
  }
/>
`;
