// Jest Snapshot v1, https://goo.gl/fbAQLP

exports[`NewToDo UI renders correctly 1`] = `
<NewToDo
  addToDo={[Function]}
  css={[Function]}
  styles={
    Object {
      "button": Object {
        "backgroundColor": "#222",
        "color": "#FFF",
        "padding": 25,
        "textAlign": "center",
        "width": 750,
      },
      "container": Object {
        "backgroundColor": "#FFF",
        "flex": 1,
      },
      "innerContainer": Object {
        "flex": 1,
        "justifyContent": "center",
      },
      "todoInput": Object {
        "margin": 12.5,
      },
    }
  }
  theme={
    Object {
      "colors": Object {
        "black": "#000",
        "gray00": "#111",
        "gray02": "#222",
        "gray03": "#333",
        "white": "#FFF",
      },
      "device": Object {
        "height": 1334,
        "width": 750,
      },
      "fonts": Object {
        "bold": Object {
          "backgroundColor": "transparent",
          "fontFamily": "Avenir Book",
          "fontSize": 17.5,
          "fontWeight": "900",
        },
        "normal": Object {
          "backgroundColor": "transparent",
          "fontFamily": "Avenir Book",
          "fontSize": 17.5,
        },
      },
      "normalize": [Function],
    }
  }
  todo=""
  updateTodo={[Function]}
/>
`;
